matches the GitOps render (external secrets, digest-pinned image, TLS):
  1: |
    apiVersion: apps/v1
    kind: Deployment
    metadata:
      labels:
        app.kubernetes.io/component: scanner-adapter
        app.kubernetes.io/instance: harbor-scanner-clair
        app.kubernetes.io/managed-by: Helm
        app.kubernetes.io/name: harbor-scanner-clair
        app.kubernetes.io/part-of: harbor
        app.kubernetes.io/version: v9.9.9-test
        helm.sh/chart: harbor-scanner-clair-9.9.9-test
      name: harbor-scanner-clair
      namespace: harbor
    spec:
      minReadySeconds: 10
      replicas: 1
      revisionHistoryLimit: 10
      selector:
        matchLabels:
          app.kubernetes.io/instance: harbor-scanner-clair
          app.kubernetes.io/name: harbor-scanner-clair
      template:
        metadata:
          annotations:
            checksum/config: 253e207b584014710a31c4b9b461dc14bd0dbbd8282c5fbfc1642185ec4f7b80
          labels:
            app.kubernetes.io/component: scanner-adapter
            app.kubernetes.io/instance: harbor-scanner-clair
            app.kubernetes.io/managed-by: Helm
            app.kubernetes.io/name: harbor-scanner-clair
            app.kubernetes.io/part-of: harbor
            app.kubernetes.io/version: v9.9.9-test
            helm.sh/chart: harbor-scanner-clair-9.9.9-test
        spec:
          automountServiceAccountToken: false
          containers:
            - env:
                - name: SCANNER_LOG_LEVEL
                  value: info
                - name: SCANNER_API_SERVER_ADDR
                  value: :8080
                - name: SCANNER_API_SERVER_READ_TIMEOUT
                  value: 15s
                - name: SCANNER_API_SERVER_WRITE_TIMEOUT
                  value: 15s
                - name: SCANNER_API_SERVER_IDLE_TIMEOUT
                  value: 60s
                - name: SCANNER_API_SERVER_METRICS_ENABLED
                  value: "true"
                - name: SCANNER_API_SERVER_TLS_CERTIFICATE
                  value: /certs/tls.crt
                - name: SCANNER_API_SERVER_TLS_KEY
                  value: /certs/tls.key
                - name: SCANNER_CLAIR_URL
                  value: http://clair.clair.svc:6060
                - name: SCANNER_CLAIR_PSK
                  valueFrom:
                    secretKeyRef:
                      key: psk
                      name: harbor-scanner-clair-psk
                - name: SCANNER_CLAIR_JWT_ISSUER
                  value: harbor-scanner-clair
                - name: SCANNER_CLAIR_INDEX_TIMEOUT
                  value: 10m
                - name: SCANNER_CLAIR_REQUEST_TIMEOUT
                  value: 30s
                - name: SCANNER_STORE_BACKEND
                  value: postgres
                - name: SCANNER_STORE_POSTGRES_URL
                  valueFrom:
                    secretKeyRef:
                      key: url
                      name: harbor-scanner-clair-postgres
                - name: SCANNER_JOB_QUEUE_WORKER_CONCURRENCY
                  value: "1"
                - name: SCANNER_TLS_INSECURE_SKIP_VERIFY
                  value: "false"
              envFrom:
                - configMapRef:
                    name: harbor-scanner-clair-env
              image: 8gears.container-registry.com/8gcr/harbor-scanner-clair@sha256:0000000000000000000000000000000000000000000000000000000000000000
              imagePullPolicy: IfNotPresent
              livenessProbe:
                failureThreshold: 10
                httpGet:
                  path: /probe/healthy
                  port: api-server
                  scheme: HTTPS
                periodSeconds: 10
                timeoutSeconds: 3
              name: main
              ports:
                - containerPort: 8080
                  name: api-server
                  protocol: TCP
              readinessProbe:
                failureThreshold: 3
                httpGet:
                  path: /probe/ready
                  port: api-server
                  scheme: HTTPS
                periodSeconds: 10
                timeoutSeconds: 3
              resources:
                limits:
                  memory: 512Mi
                requests:
                  cpu: 100m
                  memory: 128Mi
              securityContext:
                allowPrivilegeEscalation: false
                capabilities:
                  drop:
                    - ALL
                privileged: false
                readOnlyRootFilesystem: true
              startupProbe:
                failureThreshold: 15
                httpGet:
                  path: /probe/healthy
                  port: api-server
                  scheme: HTTPS
                periodSeconds: 2
                timeoutSeconds: 3
              volumeMounts:
                - mountPath: /tmp
                  name: tmp
                - mountPath: /certs
                  name: certs
                  readOnly: true
          runtimeClassName: gvisor
          securityContext:
            fsGroup: 10000
            runAsGroup: 10000
            runAsNonRoot: true
            runAsUser: 10000
            seccompProfile:
              type: RuntimeDefault
          serviceAccountName: harbor-scanner-clair
          terminationGracePeriodSeconds: 60
          volumes:
            - emptyDir: {}
              name: tmp
            - name: certs
              secret:
                secretName: harbor-scanner-clair-tls
  2: |
    apiVersion: v1
    kind: Service
    metadata:
      labels:
        app.kubernetes.io/component: scanner-adapter
        app.kubernetes.io/instance: harbor-scanner-clair
        app.kubernetes.io/managed-by: Helm
        app.kubernetes.io/name: harbor-scanner-clair
        app.kubernetes.io/part-of: harbor
        app.kubernetes.io/version: v9.9.9-test
        helm.sh/chart: harbor-scanner-clair-9.9.9-test
      name: harbor-scanner-clair
      namespace: harbor
    spec:
      ports:
        - name: api-server
          port: 8080
          protocol: TCP
          targetPort: api-server
      selector:
        app.kubernetes.io/instance: harbor-scanner-clair
        app.kubernetes.io/name: harbor-scanner-clair
      type: ClusterIP
  3: |
    apiVersion: v1
    automountServiceAccountToken: false
    kind: ServiceAccount
    metadata:
      labels:
        app.kubernetes.io/component: scanner-adapter
        app.kubernetes.io/instance: harbor-scanner-clair
        app.kubernetes.io/managed-by: Helm
        app.kubernetes.io/name: harbor-scanner-clair
        app.kubernetes.io/part-of: harbor
        app.kubernetes.io/version: v9.9.9-test
        helm.sh/chart: harbor-scanner-clair-9.9.9-test
      name: harbor-scanner-clair
      namespace: harbor
matches the default render:
  1: |
    apiVersion: apps/v1
    kind: Deployment
    metadata:
      labels:
        app.kubernetes.io/component: scanner-adapter
        app.kubernetes.io/instance: harbor-scanner-clair
        app.kubernetes.io/managed-by: Helm
        app.kubernetes.io/name: harbor-scanner-clair
        app.kubernetes.io/part-of: harbor
        app.kubernetes.io/version: v9.9.9-test
        helm.sh/chart: harbor-scanner-clair-9.9.9-test
      name: harbor-scanner-clair
      namespace: harbor
    spec:
      replicas: 1
      revisionHistoryLimit: 10
      selector:
        matchLabels:
          app.kubernetes.io/instance: harbor-scanner-clair
          app.kubernetes.io/name: harbor-scanner-clair
      template:
        metadata:
          annotations:
            checksum/config: 8defc0423a7864e51f106794586243806fa9e3c52515a7571f5923a149e85797
          labels:
            app.kubernetes.io/component: scanner-adapter
            app.kubernetes.io/instance: harbor-scanner-clair
            app.kubernetes.io/managed-by: Helm
            app.kubernetes.io/name: harbor-scanner-clair
            app.kubernetes.io/part-of: harbor
            app.kubernetes.io/version: v9.9.9-test
            helm.sh/chart: harbor-scanner-clair-9.9.9-test
        spec:
          automountServiceAccountToken: false
          containers:
            - env:
                - name: SCANNER_LOG_LEVEL
                  value: info
                - name: SCANNER_API_SERVER_ADDR
                  value: :8080
                - name: SCANNER_API_SERVER_READ_TIMEOUT
                  value: 15s
                - name: SCANNER_API_SERVER_WRITE_TIMEOUT
                  value: 15s
                - name: SCANNER_API_SERVER_IDLE_TIMEOUT
                  value: 60s
                - name: SCANNER_API_SERVER_METRICS_ENABLED
                  value: "true"
                - name: SCANNER_CLAIR_URL
                  value: http://clair:6060
                - name: SCANNER_CLAIR_JWT_ISSUER
                  value: harbor-scanner-clair
                - name: SCANNER_CLAIR_INDEX_TIMEOUT
                  value: 10m
                - name: SCANNER_CLAIR_REQUEST_TIMEOUT
                  value: 30s
                - name: SCANNER_STORE_BACKEND
                  value: postgres
                - name: SCANNER_STORE_POSTGRES_URL
                  valueFrom:
                    secretKeyRef:
                      key: url
                      name: harbor-scanner-clair
                - name: SCANNER_STORE_SCAN_JOB_TTL
                  value: 1h
                - name: SCANNER_JOB_QUEUE_WORKER_CONCURRENCY
                  value: "1"
                - name: SCANNER_TLS_INSECURE_SKIP_VERIFY
                  value: "false"
              image: 8gears.container-registry.com/8gcr/harbor-scanner-clair:v9.9.9-test
              imagePullPolicy: IfNotPresent
              livenessProbe:
                failureThreshold: 10
                httpGet:
                  path: /probe/healthy
                  port: api-server
                periodSeconds: 10
                timeoutSeconds: 3
              name: main
              ports:
                - containerPort: 8080
                  name: api-server
                  protocol: TCP
              readinessProbe:
                failureThreshold: 3
                httpGet:
                  path: /probe/ready
                  port: api-server
                periodSeconds: 10
                timeoutSeconds: 3
              resources:
                limits:
                  memory: 512Mi
                requests:
                  cpu: 100m
                  memory: 128Mi
              securityContext:
                allowPrivilegeEscalation: false
                capabilities:
                  drop:
                    - ALL
                privileged: false
                readOnlyRootFilesystem: true
              startupProbe:
                failureThreshold: 15
                httpGet:
                  path: /probe/healthy
                  port: api-server
                periodSeconds: 2
                timeoutSeconds: 3
              volumeMounts:
                - mountPath: /tmp
                  name: tmp
          securityContext:
            fsGroup: 10000
            runAsGroup: 10000
            runAsNonRoot: true
            runAsUser: 10000
            seccompProfile:
              type: RuntimeDefault
          serviceAccountName: harbor-scanner-clair
          terminationGracePeriodSeconds: 60
          volumes:
            - emptyDir: {}
              name: tmp
  2: |
    apiVersion: v1
    kind: Service
    metadata:
      labels:
        app.kubernetes.io/component: scanner-adapter
        app.kubernetes.io/instance: harbor-scanner-clair
        app.kubernetes.io/managed-by: Helm
        app.kubernetes.io/name: harbor-scanner-clair
        app.kubernetes.io/part-of: harbor
        app.kubernetes.io/version: v9.9.9-test
        helm.sh/chart: harbor-scanner-clair-9.9.9-test
      name: harbor-scanner-clair
      namespace: harbor
    spec:
      ports:
        - name: api-server
          port: 8080
          protocol: TCP
          targetPort: api-server
      selector:
        app.kubernetes.io/instance: harbor-scanner-clair
        app.kubernetes.io/name: harbor-scanner-clair
      type: ClusterIP
  3: |
    apiVersion: v1
    automountServiceAccountToken: false
    kind: ServiceAccount
    metadata:
      labels:
        app.kubernetes.io/component: scanner-adapter
        app.kubernetes.io/instance: harbor-scanner-clair
        app.kubernetes.io/managed-by: Helm
        app.kubernetes.io/name: harbor-scanner-clair
        app.kubernetes.io/part-of: harbor
        app.kubernetes.io/version: v9.9.9-test
        helm.sh/chart: harbor-scanner-clair-9.9.9-test
      name: harbor-scanner-clair
      namespace: harbor
matches the multi-replica render:
  1: |
    apiVersion: apps/v1
    kind: Deployment
    metadata:
      labels:
        app.kubernetes.io/component: scanner-adapter
        app.kubernetes.io/instance: harbor-scanner-clair
        app.kubernetes.io/managed-by: Helm
        app.kubernetes.io/name: harbor-scanner-clair
        app.kubernetes.io/part-of: harbor
        app.kubernetes.io/version: v9.9.9-test
        helm.sh/chart: harbor-scanner-clair-9.9.9-test
      name: harbor-scanner-clair
      namespace: harbor
    spec:
      revisionHistoryLimit: 10
      selector:
        matchLabels:
          app.kubernetes.io/instance: harbor-scanner-clair
          app.kubernetes.io/name: harbor-scanner-clair
      template:
        metadata:
          annotations:
            checksum/config: 8defc0423a7864e51f106794586243806fa9e3c52515a7571f5923a149e85797
          labels:
            app.kubernetes.io/component: scanner-adapter
            app.kubernetes.io/instance: harbor-scanner-clair
            app.kubernetes.io/managed-by: Helm
            app.kubernetes.io/name: harbor-scanner-clair
            app.kubernetes.io/part-of: harbor
            app.kubernetes.io/version: v9.9.9-test
            helm.sh/chart: harbor-scanner-clair-9.9.9-test
        spec:
          automountServiceAccountToken: false
          containers:
            - env:
                - name: SCANNER_LOG_LEVEL
                  value: info
                - name: SCANNER_API_SERVER_ADDR
                  value: :8080
                - name: SCANNER_API_SERVER_READ_TIMEOUT
                  value: 15s
                - name: SCANNER_API_SERVER_WRITE_TIMEOUT
                  value: 15s
                - name: SCANNER_API_SERVER_IDLE_TIMEOUT
                  value: 60s
                - name: SCANNER_API_SERVER_METRICS_ENABLED
                  value: "true"
                - name: SCANNER_CLAIR_URL
                  value: http://clair:6060
                - name: SCANNER_CLAIR_JWT_ISSUER
                  value: harbor-scanner-clair
                - name: SCANNER_CLAIR_INDEX_TIMEOUT
                  value: 10m
                - name: SCANNER_CLAIR_REQUEST_TIMEOUT
                  value: 30s
                - name: SCANNER_STORE_BACKEND
                  value: postgres
                - name: SCANNER_STORE_POSTGRES_URL
                  valueFrom:
                    secretKeyRef:
                      key: url
                      name: harbor-scanner-clair
                - name: SCANNER_STORE_SCAN_JOB_TTL
                  value: 1h
                - name: SCANNER_JOB_QUEUE_WORKER_CONCURRENCY
                  value: "1"
                - name: SCANNER_TLS_INSECURE_SKIP_VERIFY
                  value: "false"
              image: 8gears.container-registry.com/8gcr/harbor-scanner-clair:v9.9.9-test
              imagePullPolicy: IfNotPresent
              livenessProbe:
                failureThreshold: 10
                httpGet:
                  path: /probe/healthy
                  port: api-server
                periodSeconds: 10
                timeoutSeconds: 3
              name: main
              ports:
                - containerPort: 8080
                  name: api-server
                  protocol: TCP
              readinessProbe:
                failureThreshold: 3
                httpGet:
                  path: /probe/ready
                  port: api-server
                periodSeconds: 10
                timeoutSeconds: 3
              resources:
                limits:
                  memory: 1Gi
                requests:
                  cpu: 500m
                  memory: 256Mi
              securityContext:
                allowPrivilegeEscalation: false
                capabilities:
                  drop:
                    - ALL
                privileged: false
                readOnlyRootFilesystem: true
              startupProbe:
                failureThreshold: 15
                httpGet:
                  path: /probe/healthy
                  port: api-server
                periodSeconds: 2
                timeoutSeconds: 3
              volumeMounts:
                - mountPath: /tmp
                  name: tmp
          securityContext:
            fsGroup: 10000
            runAsGroup: 10000
            runAsNonRoot: true
            runAsUser: 10000
            seccompProfile:
              type: RuntimeDefault
          serviceAccountName: harbor-scanner-clair
          terminationGracePeriodSeconds: 60
          topologySpreadConstraints:
            - labelSelector:
                matchLabels:
                  app.kubernetes.io/name: harbor-scanner-clair
              maxSkew: 1
              topologyKey: kubernetes.io/hostname
              whenUnsatisfiable: ScheduleAnyway
          volumes:
            - emptyDir: {}
              name: tmp
  2: |
    apiVersion: v1
    kind: Service
    metadata:
      labels:
        app.kubernetes.io/component: scanner-adapter
        app.kubernetes.io/instance: harbor-scanner-clair
        app.kubernetes.io/managed-by: Helm
        app.kubernetes.io/name: harbor-scanner-clair
        app.kubernetes.io/part-of: harbor
        app.kubernetes.io/version: v9.9.9-test
        helm.sh/chart: harbor-scanner-clair-9.9.9-test
      name: harbor-scanner-clair
      namespace: harbor
    spec:
      ports:
        - name: api-server
          port: 8080
          protocol: TCP
          targetPort: api-server
      selector:
        app.kubernetes.io/instance: harbor-scanner-clair
        app.kubernetes.io/name: harbor-scanner-clair
      type: ClusterIP
  3: |
    apiVersion: v1
    automountServiceAccountToken: false
    kind: ServiceAccount
    metadata:
      labels:
        app.kubernetes.io/component: scanner-adapter
        app.kubernetes.io/instance: harbor-scanner-clair
        app.kubernetes.io/managed-by: Helm
        app.kubernetes.io/name: harbor-scanner-clair
        app.kubernetes.io/part-of: harbor
        app.kubernetes.io/version: v9.9.9-test
        helm.sh/chart: harbor-scanner-clair-9.9.9-test
      name: harbor-scanner-clair
      namespace: harbor
